{ mkDerivation, base, fetchurl, gogol-core }:
mkDerivation {
  pname = "gogol-maps-engine";
  version = "0.3.0";
  src = fetchurl {
    url = "http://example.org/";
    sha256 = "abc";
  };
  libraryHaskellDepends = [ base gogol-core ];
  homepage = "https://github.com/brendanhay/gogol";
  description = "Google Maps Engine SDK";
  license = "unknown";
}