{ mkDerivation, aeson, attoparsec, base, blaze-html, bytestring
, containers, contravariant, fetchurl, jmacro, mtl, scientific
, split, text, unordered-containers, vector
}:
mkDerivation {
  pname = "jmacro-rpc";
  version = "0.3.2";
  src = fetchurl {
    url = "http://example.org/";
    sha256 = "abc";
  };
  libraryHaskellDepends = [
    aeson attoparsec base blaze-html bytestring containers
    contravariant jmacro mtl scientific split text unordered-containers
    vector
  ];
  homepage = "http://hub.darcs.net/gershomb/jmacro";
  description = "JSON-RPC clients and servers using JMacro, and evented client-server Reactive Programming";
  license = stdenv.lib.licenses.bsd3;
}