{ mkDerivation, base, bytestring, crypto-api, exceptions, fetchurl
, mtl, tagged, transformers, transformers-compat
}:
mkDerivation {
  pname = "monadcryptorandom";
  version = "0.7.1";
  src = fetchurl {
    url = "http://example.org/";
    sha256 = "abc";
  };
  libraryHaskellDepends = [
    base bytestring crypto-api exceptions mtl tagged transformers
    transformers-compat
  ];
  homepage = "https://github.com/TomMD/monadcryptorandom";
  description = "A monad for using CryptoRandomGen";
  license = stdenv.lib.licenses.bsd3;
}