{ mkDerivation, base, binary, bytestring, data-binary-ieee754
, deepseq, directory, fetchurl, hspec, split, vector, vector-split
, zlib
}:
mkDerivation {
  pname = "openexr-write";
  version = "0.1.0.1";
  src = fetchurl {
    url = "http://example.org/";
    sha256 = "abc";
  };
  libraryHaskellDepends = [
    base binary bytestring data-binary-ieee754 deepseq split vector
    vector-split zlib
  ];
  testHaskellDepends = [ base bytestring directory hspec vector ];
  homepage = "https://github.com/pavolzetor/openexr-write#readme";
  description = "Library for writing images in OpenEXR HDR file format";
  license = stdenv.lib.licenses.gpl3;
}