{ mkDerivation, base, explicit-exception, fetchurl, transformers
, utility-ht
}:
mkDerivation {
  pname = "spreadsheet";
  version = "0.1.3.7";
  src = fetchurl {
    url = "http://example.org/";
    sha256 = "abc";
  };
  isLibrary = true;
  isExecutable = true;
  libraryHaskellDepends = [
    base explicit-exception transformers utility-ht
  ];
  homepage = "http://www.haskell.org/haskellwiki/Spreadsheet";
  description = "Read and write spreadsheets from and to CSV files in a lazy way";
  license = stdenv.lib.licenses.bsd3;
}